PREHOOK: query: EXPLAIN EXTENDED
FROM (
  FROM src select src.key, src.value WHERE src.key < 100
  UNION ALL
  FROM src SELECT src.* WHERE src.key > 100
) unioninput
#### A masked pattern was here ####
 unioninput.*
PREHOOK: type: QUERY
POSTHOOK: query: EXPLAIN EXTENDED
FROM (
  FROM src select src.key, src.value WHERE src.key < 100
  UNION ALL
  FROM src SELECT src.* WHERE src.key > 100
) unioninput
#### A masked pattern was here ####
 unioninput.*
POSTHOOK: type: QUERY
ABSTRACT SYNTAX TREE:
  
TOK_QUERY
   TOK_FROM
      TOK_SUBQUERY
         TOK_UNION
            TOK_QUERY
               TOK_FROM
                  TOK_TABREF
                     TOK_TABNAME
                        src
               TOK_INSERT
                  TOK_DESTINATION
                     TOK_DIR
                        TOK_TMP_FILE
                  TOK_SELECT
                     TOK_SELEXPR
                        .
                           TOK_TABLE_OR_COL
                              src
                           key
                     TOK_SELEXPR
                        .
                           TOK_TABLE_OR_COL
                              src
                           value
                  TOK_WHERE
                     <
                        .
                           TOK_TABLE_OR_COL
                              src
                           key
                        100
            TOK_QUERY
               TOK_FROM
                  TOK_TABREF
                     TOK_TABNAME
                        src
               TOK_INSERT
                  TOK_DESTINATION
                     TOK_DIR
                        TOK_TMP_FILE
                  TOK_SELECT
                     TOK_SELEXPR
                        TOK_ALLCOLREF
                           TOK_TABNAME
                              src
                  TOK_WHERE
                     >
                        .
                           TOK_TABLE_OR_COL
                              src
                           key
                        100
         unioninput
   TOK_INSERT
      TOK_DESTINATION
         TOK_DIR
#### A masked pattern was here ####
      TOK_SELECT
         TOK_SELEXPR
            TOK_ALLCOLREF
               TOK_TABNAME
                  unioninput


STAGE DEPENDENCIES:
  Stage-1 is a root stage
  Stage-0 depends on stages: Stage-1

STAGE PLANS:
  Stage: Stage-1
    Spark
#### A masked pattern was here ####
      Vertices:
        Map 1 
            Map Operator Tree:
                TableScan
                  alias: src
                  Statistics: Num rows: 500 Data size: 5312 Basic stats: COMPLETE Column stats: NONE
                  GatherStats: false
                  Filter Operator
                    isSamplingPred: false
                    predicate: (key < 100) (type: boolean)
                    Statistics: Num rows: 166 Data size: 1763 Basic stats: COMPLETE Column stats: NONE
                    Select Operator
                      expressions: key (type: string), value (type: string)
                      outputColumnNames: _col0, _col1
                      Statistics: Num rows: 166 Data size: 1763 Basic stats: COMPLETE Column stats: NONE
                      File Output Operator
                        compressed: false
                        GlobalTableId: 1
#### A masked pattern was here ####
                        NumFilesPerFileSink: 1
                        Statistics: Num rows: 332 Data size: 3526 Basic stats: COMPLETE Column stats: NONE
#### A masked pattern was here ####
                        table:
                            input format: org.apache.hadoop.mapred.TextInputFormat
                            output format: org.apache.hadoop.hive.ql.io.HiveIgnoreKeyTextOutputFormat
                            properties:
                              columns _col0,_col1
                              columns.types string:string
                              serialization.format 1
                              serialization.lib org.apache.hadoop.hive.serde2.lazy.LazySimpleSerDe
                            serde: org.apache.hadoop.hive.serde2.lazy.LazySimpleSerDe
                        TotalFiles: 1
                        GatherStats: false
                        MultiFileSpray: false
            Path -> Alias:
#### A masked pattern was here ####
            Path -> Partition:
#### A masked pattern was here ####
                Partition
                  base file name: src
                  input format: org.apache.hadoop.mapred.TextInputFormat
                  output format: org.apache.hadoop.hive.ql.io.HiveIgnoreKeyTextOutputFormat
                  properties:
                    COLUMN_STATS_ACCURATE true
                    bucket_count -1
                    columns key,value
                    columns.comments 'default','default'
                    columns.types string:string
#### A masked pattern was here ####
                    name default.src
                    numFiles 1
                    numRows 500
                    rawDataSize 5312
                    serialization.ddl struct src { string key, string value}
                    serialization.format 1
                    serialization.lib org.apache.hadoop.hive.serde2.lazy.LazySimpleSerDe
                    totalSize 5812
#### A masked pattern was here ####
                  serde: org.apache.hadoop.hive.serde2.lazy.LazySimpleSerDe
                
                    input format: org.apache.hadoop.mapred.TextInputFormat
                    output format: org.apache.hadoop.hive.ql.io.HiveIgnoreKeyTextOutputFormat
                    properties:
                      COLUMN_STATS_ACCURATE true
                      bucket_count -1
                      columns key,value
                      columns.comments 'default','default'
                      columns.types string:string
#### A masked pattern was here ####
                      name default.src
                      numFiles 1
                      numRows 500
                      rawDataSize 5312
                      serialization.ddl struct src { string key, string value}
                      serialization.format 1
                      serialization.lib org.apache.hadoop.hive.serde2.lazy.LazySimpleSerDe
                      totalSize 5812
#### A masked pattern was here ####
                    serde: org.apache.hadoop.hive.serde2.lazy.LazySimpleSerDe
                    name: default.src
                  name: default.src
            Truncated Path -> Alias:
              /src [unioninput-subquery1:src]
        Map 2 
            Map Operator Tree:
                TableScan
                  alias: src
                  Statistics: Num rows: 500 Data size: 5312 Basic stats: COMPLETE Column stats: NONE
                  GatherStats: false
                  Filter Operator
                    isSamplingPred: false
                    predicate: (key > 100) (type: boolean)
                    Statistics: Num rows: 166 Data size: 1763 Basic stats: COMPLETE Column stats: NONE
                    Select Operator
                      expressions: key (type: string), value (type: string)
                      outputColumnNames: _col0, _col1
                      Statistics: Num rows: 166 Data size: 1763 Basic stats: COMPLETE Column stats: NONE
                      File Output Operator
                        compressed: false
                        GlobalTableId: 1
#### A masked pattern was here ####
                        NumFilesPerFileSink: 1
                        Statistics: Num rows: 332 Data size: 3526 Basic stats: COMPLETE Column stats: NONE
#### A masked pattern was here ####
                        table:
                            input format: org.apache.hadoop.mapred.TextInputFormat
                            output format: org.apache.hadoop.hive.ql.io.HiveIgnoreKeyTextOutputFormat
                            properties:
                              columns _col0,_col1
                              columns.types string:string
                              serialization.format 1
                              serialization.lib org.apache.hadoop.hive.serde2.lazy.LazySimpleSerDe
                            serde: org.apache.hadoop.hive.serde2.lazy.LazySimpleSerDe
                        TotalFiles: 1
                        GatherStats: false
                        MultiFileSpray: false
            Path -> Alias:
#### A masked pattern was here ####
            Path -> Partition:
#### A masked pattern was here ####
                Partition
                  base file name: src
                  input format: org.apache.hadoop.mapred.TextInputFormat
                  output format: org.apache.hadoop.hive.ql.io.HiveIgnoreKeyTextOutputFormat
                  properties:
                    COLUMN_STATS_ACCURATE true
                    bucket_count -1
                    columns key,value
                    columns.comments 'default','default'
                    columns.types string:string
#### A masked pattern was here ####
                    name default.src
                    numFiles 1
                    numRows 500
                    rawDataSize 5312
                    serialization.ddl struct src { string key, string value}
                    serialization.format 1
                    serialization.lib org.apache.hadoop.hive.serde2.lazy.LazySimpleSerDe
                    totalSize 5812
#### A masked pattern was here ####
                  serde: org.apache.hadoop.hive.serde2.lazy.LazySimpleSerDe
                
                    input format: org.apache.hadoop.mapred.TextInputFormat
                    output format: org.apache.hadoop.hive.ql.io.HiveIgnoreKeyTextOutputFormat
                    properties:
                      COLUMN_STATS_ACCURATE true
                      bucket_count -1
                      columns key,value
                      columns.comments 'default','default'
                      columns.types string:string
#### A masked pattern was here ####
                      name default.src
                      numFiles 1
                      numRows 500
                      rawDataSize 5312
                      serialization.ddl struct src { string key, string value}
                      serialization.format 1
                      serialization.lib org.apache.hadoop.hive.serde2.lazy.LazySimpleSerDe
                      totalSize 5812
#### A masked pattern was here ####
                    serde: org.apache.hadoop.hive.serde2.lazy.LazySimpleSerDe
                    name: default.src
                  name: default.src
            Truncated Path -> Alias:
              /src [unioninput-subquery2:src]

  Stage: Stage-0
    Move Operator
      files:
          hdfs directory: true
#### A masked pattern was here ####

PREHOOK: query: FROM (
  FROM src select src.key, src.value WHERE src.key < 100
  UNION ALL
  FROM src SELECT src.* WHERE src.key > 100
) unioninput
#### A masked pattern was here ####
 unioninput.*
PREHOOK: type: QUERY
PREHOOK: Input: default@src
#### A masked pattern was here ####
POSTHOOK: query: FROM (
  FROM src select src.key, src.value WHERE src.key < 100
  UNION ALL
  FROM src SELECT src.* WHERE src.key > 100
) unioninput
#### A masked pattern was here ####
 unioninput.*
POSTHOOK: type: QUERY
POSTHOOK: Input: default@src
#### A masked pattern was here ####
Found 2 items
#### A masked pattern was here ####
PREHOOK: query: EXPLAIN EXTENDED
FROM (
  FROM src select src.key, src.value WHERE src.key < 100
  UNION ALL
  FROM src SELECT src.* WHERE src.key > 100
) unioninput
#### A masked pattern was here ####
unioninput.*
PREHOOK: type: QUERY
POSTHOOK: query: EXPLAIN EXTENDED
FROM (
  FROM src select src.key, src.value WHERE src.key < 100
  UNION ALL
  FROM src SELECT src.* WHERE src.key > 100
) unioninput
#### A masked pattern was here ####
unioninput.*
POSTHOOK: type: QUERY
ABSTRACT SYNTAX TREE:
  
TOK_QUERY
   TOK_FROM
      TOK_SUBQUERY
         TOK_UNION
            TOK_QUERY
               TOK_FROM
                  TOK_TABREF
                     TOK_TABNAME
                        src
               TOK_INSERT
                  TOK_DESTINATION
                     TOK_DIR
                        TOK_TMP_FILE
                  TOK_SELECT
                     TOK_SELEXPR
                        .
                           TOK_TABLE_OR_COL
                              src
                           key
                     TOK_SELEXPR
                        .
                           TOK_TABLE_OR_COL
                              src
                           value
                  TOK_WHERE
                     <
                        .
                           TOK_TABLE_OR_COL
                              src
                           key
                        100
            TOK_QUERY
               TOK_FROM
                  TOK_TABREF
                     TOK_TABNAME
                        src
               TOK_INSERT
                  TOK_DESTINATION
                     TOK_DIR
                        TOK_TMP_FILE
                  TOK_SELECT
                     TOK_SELEXPR
                        TOK_ALLCOLREF
                           TOK_TABNAME
                              src
                  TOK_WHERE
                     >
                        .
                           TOK_TABLE_OR_COL
                              src
                           key
                        100
         unioninput
   TOK_INSERT
      TOK_DESTINATION
         TOK_DIR
#### A masked pattern was here ####
      TOK_SELECT
         TOK_SELEXPR
            TOK_ALLCOLREF
               TOK_TABNAME
                  unioninput


STAGE DEPENDENCIES:
  Stage-1 is a root stage
  Stage-6 depends on stages: Stage-1 , consists of Stage-3, Stage-2, Stage-4
  Stage-3
  Stage-0 depends on stages: Stage-3, Stage-2, Stage-5
  Stage-2
  Stage-4
  Stage-5 depends on stages: Stage-4

STAGE PLANS:
  Stage: Stage-1
    Spark
#### A masked pattern was here ####
      Vertices:
        Map 1 
            Map Operator Tree:
                TableScan
                  alias: src
                  Statistics: Num rows: 500 Data size: 5312 Basic stats: COMPLETE Column stats: NONE
                  GatherStats: false
                  Filter Operator
                    isSamplingPred: false
                    predicate: (key < 100) (type: boolean)
                    Statistics: Num rows: 166 Data size: 1763 Basic stats: COMPLETE Column stats: NONE
                    Select Operator
                      expressions: key (type: string), value (type: string)
                      outputColumnNames: _col0, _col1
                      Statistics: Num rows: 166 Data size: 1763 Basic stats: COMPLETE Column stats: NONE
                      File Output Operator
                        compressed: false
                        GlobalTableId: 1
#### A masked pattern was here ####
                        NumFilesPerFileSink: 1
                        Statistics: Num rows: 332 Data size: 3526 Basic stats: COMPLETE Column stats: NONE
#### A masked pattern was here ####
                        table:
                            input format: org.apache.hadoop.mapred.TextInputFormat
                            output format: org.apache.hadoop.hive.ql.io.HiveIgnoreKeyTextOutputFormat
                            properties:
                              columns _col0,_col1
                              columns.types string:string
                              serialization.format 1
                              serialization.lib org.apache.hadoop.hive.serde2.lazy.LazySimpleSerDe
                            serde: org.apache.hadoop.hive.serde2.lazy.LazySimpleSerDe
                        TotalFiles: 1
                        GatherStats: false
                        MultiFileSpray: false
            Path -> Alias:
#### A masked pattern was here ####
            Path -> Partition:
#### A masked pattern was here ####
                Partition
                  base file name: src
                  input format: org.apache.hadoop.mapred.TextInputFormat
                  output format: org.apache.hadoop.hive.ql.io.HiveIgnoreKeyTextOutputFormat
                  properties:
                    COLUMN_STATS_ACCURATE true
                    bucket_count -1
                    columns key,value
                    columns.comments 'default','default'
                    columns.types string:string
#### A masked pattern was here ####
                    name default.src
                    numFiles 1
                    numRows 500
                    rawDataSize 5312
                    serialization.ddl struct src { string key, string value}
                    serialization.format 1
                    serialization.lib org.apache.hadoop.hive.serde2.lazy.LazySimpleSerDe
                    totalSize 5812
#### A masked pattern was here ####
                  serde: org.apache.hadoop.hive.serde2.lazy.LazySimpleSerDe
                
                    input format: org.apache.hadoop.mapred.TextInputFormat
                    output format: org.apache.hadoop.hive.ql.io.HiveIgnoreKeyTextOutputFormat
                    properties:
                      COLUMN_STATS_ACCURATE true
                      bucket_count -1
                      columns key,value
                      columns.comments 'default','default'
                      columns.types string:string
#### A masked pattern was here ####
                      name default.src
                      numFiles 1
                      numRows 500
                      rawDataSize 5312
                      serialization.ddl struct src { string key, string value}
                      serialization.format 1
                      serialization.lib org.apache.hadoop.hive.serde2.lazy.LazySimpleSerDe
                      totalSize 5812
#### A masked pattern was here ####
                    serde: org.apache.hadoop.hive.serde2.lazy.LazySimpleSerDe
                    name: default.src
                  name: default.src
            Truncated Path -> Alias:
              /src [unioninput-subquery1:src]
        Map 2 
            Map Operator Tree:
                TableScan
                  alias: src
                  Statistics: Num rows: 500 Data size: 5312 Basic stats: COMPLETE Column stats: NONE
                  GatherStats: false
                  Filter Operator
                    isSamplingPred: false
                    predicate: (key > 100) (type: boolean)
                    Statistics: Num rows: 166 Data size: 1763 Basic stats: COMPLETE Column stats: NONE
                    Select Operator
                      expressions: key (type: string), value (type: string)
                      outputColumnNames: _col0, _col1
                      Statistics: Num rows: 166 Data size: 1763 Basic stats: COMPLETE Column stats: NONE
                      File Output Operator
                        compressed: false
                        GlobalTableId: 1
#### A masked pattern was here ####
                        NumFilesPerFileSink: 1
                        Statistics: Num rows: 332 Data size: 3526 Basic stats: COMPLETE Column stats: NONE
#### A masked pattern was here ####
                        table:
                            input format: org.apache.hadoop.mapred.TextInputFormat
                            output format: org.apache.hadoop.hive.ql.io.HiveIgnoreKeyTextOutputFormat
                            properties:
                              columns _col0,_col1
                              columns.types string:string
                              serialization.format 1
                              serialization.lib org.apache.hadoop.hive.serde2.lazy.LazySimpleSerDe
                            serde: org.apache.hadoop.hive.serde2.lazy.LazySimpleSerDe
                        TotalFiles: 1
                        GatherStats: false
                        MultiFileSpray: false
            Path -> Alias:
#### A masked pattern was here ####
            Path -> Partition:
#### A masked pattern was here ####
                Partition
                  base file name: src
                  input format: org.apache.hadoop.mapred.TextInputFormat
                  output format: org.apache.hadoop.hive.ql.io.HiveIgnoreKeyTextOutputFormat
                  properties:
                    COLUMN_STATS_ACCURATE true
                    bucket_count -1
                    columns key,value
                    columns.comments 'default','default'
                    columns.types string:string
#### A masked pattern was here ####
                    name default.src
                    numFiles 1
                    numRows 500
                    rawDataSize 5312
                    serialization.ddl struct src { string key, string value}
                    serialization.format 1
                    serialization.lib org.apache.hadoop.hive.serde2.lazy.LazySimpleSerDe
                    totalSize 5812
#### A masked pattern was here ####
                  serde: org.apache.hadoop.hive.serde2.lazy.LazySimpleSerDe
                
                    input format: org.apache.hadoop.mapred.TextInputFormat
                    output format: org.apache.hadoop.hive.ql.io.HiveIgnoreKeyTextOutputFormat
                    properties:
                      COLUMN_STATS_ACCURATE true
                      bucket_count -1
                      columns key,value
                      columns.comments 'default','default'
                      columns.types string:string
#### A masked pattern was here ####
                      name default.src
                      numFiles 1
                      numRows 500
                      rawDataSize 5312
                      serialization.ddl struct src { string key, string value}
                      serialization.format 1
                      serialization.lib org.apache.hadoop.hive.serde2.lazy.LazySimpleSerDe
                      totalSize 5812
#### A masked pattern was here ####
                    serde: org.apache.hadoop.hive.serde2.lazy.LazySimpleSerDe
                    name: default.src
                  name: default.src
            Truncated Path -> Alias:
              /src [unioninput-subquery2:src]

  Stage: Stage-6
    Conditional Operator

  Stage: Stage-3
    Move Operator
      files:
          hdfs directory: true
#### A masked pattern was here ####

  Stage: Stage-0
    Move Operator
      files:
          hdfs directory: true
#### A masked pattern was here ####

  Stage: Stage-2
    Spark
#### A masked pattern was here ####
      Vertices:
        Spark Merge File Work 
            Map Operator Tree:
                TableScan
                  GatherStats: false
                  File Output Operator
                    compressed: false
                    GlobalTableId: 0
#### A masked pattern was here ####
                    NumFilesPerFileSink: 1
                    table:
                        input format: org.apache.hadoop.mapred.TextInputFormat
                        output format: org.apache.hadoop.hive.ql.io.HiveIgnoreKeyTextOutputFormat
                        properties:
                          columns _col0,_col1
                          columns.types string:string
                          serialization.format 1
                          serialization.lib org.apache.hadoop.hive.serde2.lazy.LazySimpleSerDe
                        serde: org.apache.hadoop.hive.serde2.lazy.LazySimpleSerDe
                    TotalFiles: 1
                    GatherStats: false
                    MultiFileSpray: false
            Path -> Alias:
#### A masked pattern was here ####
            Path -> Partition:
#### A masked pattern was here ####
                Partition
                  base file name: -ext-10002
                  input format: org.apache.hadoop.mapred.TextInputFormat
                  output format: org.apache.hadoop.hive.ql.io.HiveIgnoreKeyTextOutputFormat
                  properties:
                    columns _col0,_col1
                    columns.types string:string
                    serialization.format 1
                    serialization.lib org.apache.hadoop.hive.serde2.lazy.LazySimpleSerDe
                  serde: org.apache.hadoop.hive.serde2.lazy.LazySimpleSerDe
                
                    input format: org.apache.hadoop.mapred.TextInputFormat
                    output format: org.apache.hadoop.hive.ql.io.HiveIgnoreKeyTextOutputFormat
                    properties:
                      columns _col0,_col1
                      columns.types string:string
                      serialization.format 1
                      serialization.lib org.apache.hadoop.hive.serde2.lazy.LazySimpleSerDe
                    serde: org.apache.hadoop.hive.serde2.lazy.LazySimpleSerDe
            Truncated Path -> Alias:
#### A masked pattern was here ####

  Stage: Stage-4
    Spark
#### A masked pattern was here ####
      Vertices:
        Spark Merge File Work 
            Map Operator Tree:
                TableScan
                  GatherStats: false
                  File Output Operator
                    compressed: false
                    GlobalTableId: 0
#### A masked pattern was here ####
                    NumFilesPerFileSink: 1
                    table:
                        input format: org.apache.hadoop.mapred.TextInputFormat
                        output format: org.apache.hadoop.hive.ql.io.HiveIgnoreKeyTextOutputFormat
                        properties:
                          columns _col0,_col1
                          columns.types string:string
                          serialization.format 1
                          serialization.lib org.apache.hadoop.hive.serde2.lazy.LazySimpleSerDe
                        serde: org.apache.hadoop.hive.serde2.lazy.LazySimpleSerDe
                    TotalFiles: 1
                    GatherStats: false
                    MultiFileSpray: false
            Path -> Alias:
#### A masked pattern was here ####
            Path -> Partition:
#### A masked pattern was here ####
                Partition
                  base file name: -ext-10002
                  input format: org.apache.hadoop.mapred.TextInputFormat
                  output format: org.apache.hadoop.hive.ql.io.HiveIgnoreKeyTextOutputFormat
                  properties:
                    columns _col0,_col1
                    columns.types string:string
                    serialization.format 1
                    serialization.lib org.apache.hadoop.hive.serde2.lazy.LazySimpleSerDe
                  serde: org.apache.hadoop.hive.serde2.lazy.LazySimpleSerDe
                
                    input format: org.apache.hadoop.mapred.TextInputFormat
                    output format: org.apache.hadoop.hive.ql.io.HiveIgnoreKeyTextOutputFormat
                    properties:
                      columns _col0,_col1
                      columns.types string:string
                      serialization.format 1
                      serialization.lib org.apache.hadoop.hive.serde2.lazy.LazySimpleSerDe
                    serde: org.apache.hadoop.hive.serde2.lazy.LazySimpleSerDe
            Truncated Path -> Alias:
#### A masked pattern was here ####

  Stage: Stage-5
    Move Operator
      files:
          hdfs directory: true
#### A masked pattern was here ####

PREHOOK: query: FROM (
  FROM src select src.key, src.value WHERE src.key < 100
  UNION ALL
  FROM src SELECT src.* WHERE src.key > 100
) unioninput
#### A masked pattern was here ####
unioninput.*
PREHOOK: type: QUERY
PREHOOK: Input: default@src
#### A masked pattern was here ####
POSTHOOK: query: FROM (
  FROM src select src.key, src.value WHERE src.key < 100
  UNION ALL
  FROM src SELECT src.* WHERE src.key > 100
) unioninput
#### A masked pattern was here ####
unioninput.*
POSTHOOK: type: QUERY
POSTHOOK: Input: default@src
#### A masked pattern was here ####
Found 1 items
#### A masked pattern was here ####
