PREHOOK: query: create table bucket1 (id int, val string) clustered by (id) sorted by (id ASC) INTO 4 BUCKETS
PREHOOK: type: CREATETABLE
PREHOOK: Output: database:default
PREHOOK: Output: default@bucket1
POSTHOOK: query: create table bucket1 (id int, val string) clustered by (id) sorted by (id ASC) INTO 4 BUCKETS
POSTHOOK: type: CREATETABLE
POSTHOOK: Output: database:default
POSTHOOK: Output: default@bucket1
PREHOOK: query: insert into bucket1 values (1, 'abc'), (3, 'abc')
PREHOOK: type: QUERY
PREHOOK: Output: default@bucket1
POSTHOOK: query: insert into bucket1 values (1, 'abc'), (3, 'abc')
POSTHOOK: type: QUERY
POSTHOOK: Output: default@bucket1
POSTHOOK: Lineage: bucket1.id EXPRESSION [(values__tmp__table__1)values__tmp__table__1.FieldSchema(name:tmp_values_col1, type:string, comment:), ]
POSTHOOK: Lineage: bucket1.val SIMPLE [(values__tmp__table__1)values__tmp__table__1.FieldSchema(name:tmp_values_col2, type:string, comment:), ]
PREHOOK: query: select * from bucket1
PREHOOK: type: QUERY
PREHOOK: Input: default@bucket1
#### A masked pattern was here ####
POSTHOOK: query: select * from bucket1
POSTHOOK: type: QUERY
POSTHOOK: Input: default@bucket1
#### A masked pattern was here ####
1	abc
3	abc
PREHOOK: query: create table bucket2 like bucket1
PREHOOK: type: CREATETABLE
PREHOOK: Output: database:default
PREHOOK: Output: default@bucket2
POSTHOOK: query: create table bucket2 like bucket1
POSTHOOK: type: CREATETABLE
POSTHOOK: Output: database:default
POSTHOOK: Output: default@bucket2
PREHOOK: query: insert overwrite table bucket2 select * from bucket1
PREHOOK: type: QUERY
PREHOOK: Input: default@bucket1
PREHOOK: Output: default@bucket2
POSTHOOK: query: insert overwrite table bucket2 select * from bucket1
POSTHOOK: type: QUERY
POSTHOOK: Input: default@bucket1
POSTHOOK: Output: default@bucket2
POSTHOOK: Lineage: bucket2.id SIMPLE [(bucket1)bucket1.FieldSchema(name:id, type:int, comment:null), ]
POSTHOOK: Lineage: bucket2.val SIMPLE [(bucket1)bucket1.FieldSchema(name:val, type:string, comment:null), ]
PREHOOK: query: select * from bucket2
PREHOOK: type: QUERY
PREHOOK: Input: default@bucket2
#### A masked pattern was here ####
POSTHOOK: query: select * from bucket2
POSTHOOK: type: QUERY
POSTHOOK: Input: default@bucket2
#### A masked pattern was here ####
1	abc
3	abc
