PREHOOK: query: create table union38_test1( name String, id int, address String)
PREHOOK: type: CREATETABLE
PREHOOK: Output: database:default
PREHOOK: Output: default@union38_test1
POSTHOOK: query: create table union38_test1( name String, id int, address String)
POSTHOOK: type: CREATETABLE
POSTHOOK: Output: database:default
POSTHOOK: Output: default@union38_test1
PREHOOK: query: insert into union38_test1 values("Young", 1, "Sydney"), ("Jin", 2, "Mel")
PREHOOK: type: QUERY
PREHOOK: Output: default@union38_test1
POSTHOOK: query: insert into union38_test1 values("Young", 1, "Sydney"), ("Jin", 2, "Mel")
POSTHOOK: type: QUERY
POSTHOOK: Output: default@union38_test1
POSTHOOK: Lineage: union38_test1.address SIMPLE [(values__tmp__table__1)values__tmp__table__1.FieldSchema(name:tmp_values_col3, type:string, comment:), ]
POSTHOOK: Lineage: union38_test1.id EXPRESSION [(values__tmp__table__1)values__tmp__table__1.FieldSchema(name:tmp_values_col2, type:string, comment:), ]
POSTHOOK: Lineage: union38_test1.name SIMPLE [(values__tmp__table__1)values__tmp__table__1.FieldSchema(name:tmp_values_col1, type:string, comment:), ]
PREHOOK: query: analyze table union38_test1 compute statistics for columns
PREHOOK: type: QUERY
PREHOOK: Input: default@union38_test1
#### A masked pattern was here ####
POSTHOOK: query: analyze table union38_test1 compute statistics for columns
POSTHOOK: type: QUERY
POSTHOOK: Input: default@union38_test1
#### A masked pattern was here ####
PREHOOK: query: create view union38_test1_view as select * from union38_test1
PREHOOK: type: CREATEVIEW
PREHOOK: Input: default@union38_test1
PREHOOK: Output: database:default
PREHOOK: Output: default@union38_test1_view
POSTHOOK: query: create view union38_test1_view as select * from union38_test1
POSTHOOK: type: CREATEVIEW
POSTHOOK: Input: default@union38_test1
POSTHOOK: Output: database:default
POSTHOOK: Output: default@union38_test1_view
PREHOOK: query: select * from union38_test1_view
PREHOOK: type: QUERY
PREHOOK: Input: default@union38_test1
PREHOOK: Input: default@union38_test1_view
#### A masked pattern was here ####
POSTHOOK: query: select * from union38_test1_view
POSTHOOK: type: QUERY
POSTHOOK: Input: default@union38_test1
POSTHOOK: Input: default@union38_test1_view
#### A masked pattern was here ####
Young	1	Sydney
Jin	2	Mel
PREHOOK: query: create table union38_test2( name String, id int, address String)
PREHOOK: type: CREATETABLE
PREHOOK: Output: database:default
PREHOOK: Output: default@union38_test2
POSTHOOK: query: create table union38_test2( name String, id int, address String)
POSTHOOK: type: CREATETABLE
POSTHOOK: Output: database:default
POSTHOOK: Output: default@union38_test2
PREHOOK: query: insert into union38_test2 values("Eun", 3, "Bri"), ("Kim", 4, "Ad")
PREHOOK: type: QUERY
PREHOOK: Output: default@union38_test2
POSTHOOK: query: insert into union38_test2 values("Eun", 3, "Bri"), ("Kim", 4, "Ad")
POSTHOOK: type: QUERY
POSTHOOK: Output: default@union38_test2
POSTHOOK: Lineage: union38_test2.address SIMPLE [(values__tmp__table__2)values__tmp__table__2.FieldSchema(name:tmp_values_col3, type:string, comment:), ]
POSTHOOK: Lineage: union38_test2.id EXPRESSION [(values__tmp__table__2)values__tmp__table__2.FieldSchema(name:tmp_values_col2, type:string, comment:), ]
POSTHOOK: Lineage: union38_test2.name SIMPLE [(values__tmp__table__2)values__tmp__table__2.FieldSchema(name:tmp_values_col1, type:string, comment:), ]
PREHOOK: query: create view union38_test2_view as select * from union38_test2
PREHOOK: type: CREATEVIEW
PREHOOK: Input: default@union38_test2
PREHOOK: Output: database:default
PREHOOK: Output: default@union38_test2_view
POSTHOOK: query: create view union38_test2_view as select * from union38_test2
POSTHOOK: type: CREATEVIEW
POSTHOOK: Input: default@union38_test2
POSTHOOK: Output: database:default
POSTHOOK: Output: default@union38_test2_view
PREHOOK: query: select * from union38_test2_view
PREHOOK: type: QUERY
PREHOOK: Input: default@union38_test2
PREHOOK: Input: default@union38_test2_view
#### A masked pattern was here ####
POSTHOOK: query: select * from union38_test2_view
POSTHOOK: type: QUERY
POSTHOOK: Input: default@union38_test2
POSTHOOK: Input: default@union38_test2_view
#### A masked pattern was here ####
Eun	3	Bri
Kim	4	Ad
PREHOOK: query: select * from union38_test1 union all select * from union38_test2
PREHOOK: type: QUERY
PREHOOK: Input: default@union38_test1
PREHOOK: Input: default@union38_test2
#### A masked pattern was here ####
POSTHOOK: query: select * from union38_test1 union all select * from union38_test2
POSTHOOK: type: QUERY
POSTHOOK: Input: default@union38_test1
POSTHOOK: Input: default@union38_test2
#### A masked pattern was here ####
Young	1	Sydney
Jin	2	Mel
Eun	3	Bri
Kim	4	Ad
PREHOOK: query: select * from union38_test1_view union all select * from union38_test2_view
PREHOOK: type: QUERY
PREHOOK: Input: default@union38_test1
PREHOOK: Input: default@union38_test1_view
PREHOOK: Input: default@union38_test2
PREHOOK: Input: default@union38_test2_view
#### A masked pattern was here ####
POSTHOOK: query: select * from union38_test1_view union all select * from union38_test2_view
POSTHOOK: type: QUERY
POSTHOOK: Input: default@union38_test1
POSTHOOK: Input: default@union38_test1_view
POSTHOOK: Input: default@union38_test2
POSTHOOK: Input: default@union38_test2_view
#### A masked pattern was here ####
Young	1	Sydney
Jin	2	Mel
Eun	3	Bri
Kim	4	Ad
PREHOOK: query: create view union38_test_view1 as select * from union38_test1 union all select * from union38_test2
PREHOOK: type: CREATEVIEW
PREHOOK: Input: default@union38_test1
PREHOOK: Input: default@union38_test2
PREHOOK: Output: database:default
PREHOOK: Output: default@union38_test_view1
POSTHOOK: query: create view union38_test_view1 as select * from union38_test1 union all select * from union38_test2
POSTHOOK: type: CREATEVIEW
POSTHOOK: Input: default@union38_test1
POSTHOOK: Input: default@union38_test2
POSTHOOK: Output: database:default
POSTHOOK: Output: default@union38_test_view1
PREHOOK: query: select * from union38_test_view1
PREHOOK: type: QUERY
PREHOOK: Input: default@union38_test1
PREHOOK: Input: default@union38_test2
PREHOOK: Input: default@union38_test_view1
#### A masked pattern was here ####
POSTHOOK: query: select * from union38_test_view1
POSTHOOK: type: QUERY
POSTHOOK: Input: default@union38_test1
POSTHOOK: Input: default@union38_test2
POSTHOOK: Input: default@union38_test_view1
#### A masked pattern was here ####
Young	1	Sydney
Jin	2	Mel
Eun	3	Bri
Kim	4	Ad
PREHOOK: query: create view union38_test_view3 as with union38_tmp_1 as ( select * from union38_test1 ), union38_tmp_2 as (select * from union38_test2 ) select * from union38_tmp_1 union all select * from union38_tmp_2
PREHOOK: type: CREATEVIEW
PREHOOK: Input: default@union38_test1
PREHOOK: Input: default@union38_test2
PREHOOK: Output: database:default
PREHOOK: Output: default@union38_test_view3
POSTHOOK: query: create view union38_test_view3 as with union38_tmp_1 as ( select * from union38_test1 ), union38_tmp_2 as (select * from union38_test2 ) select * from union38_tmp_1 union all select * from union38_tmp_2
POSTHOOK: type: CREATEVIEW
POSTHOOK: Input: default@union38_test1
POSTHOOK: Input: default@union38_test2
POSTHOOK: Output: database:default
POSTHOOK: Output: default@union38_test_view3
PREHOOK: query: select * from union38_test_view3
PREHOOK: type: QUERY
PREHOOK: Input: default@union38_test1
PREHOOK: Input: default@union38_test2
PREHOOK: Input: default@union38_test_view3
#### A masked pattern was here ####
POSTHOOK: query: select * from union38_test_view3
POSTHOOK: type: QUERY
POSTHOOK: Input: default@union38_test1
POSTHOOK: Input: default@union38_test2
POSTHOOK: Input: default@union38_test_view3
#### A masked pattern was here ####
Young	1	Sydney
Jin	2	Mel
Eun	3	Bri
Kim	4	Ad
PREHOOK: query: create table union38_test_table1 as with union38_tmp_1 as ( select * from union38_test1 ), union38_tmp_2 as (select * from union38_test2 ) select * from union38_tmp_1 union all select * from union38_tmp_2
PREHOOK: type: CREATETABLE_AS_SELECT
PREHOOK: Input: default@union38_test1
PREHOOK: Input: default@union38_test2
PREHOOK: Output: database:default
PREHOOK: Output: default@union38_test_table1
POSTHOOK: query: create table union38_test_table1 as with union38_tmp_1 as ( select * from union38_test1 ), union38_tmp_2 as (select * from union38_test2 ) select * from union38_tmp_1 union all select * from union38_tmp_2
POSTHOOK: type: CREATETABLE_AS_SELECT
POSTHOOK: Input: default@union38_test1
POSTHOOK: Input: default@union38_test2
POSTHOOK: Output: database:default
POSTHOOK: Output: default@union38_test_table1
PREHOOK: query: select * from union38_test_table1
PREHOOK: type: QUERY
PREHOOK: Input: default@union38_test_table1
#### A masked pattern was here ####
POSTHOOK: query: select * from union38_test_table1
POSTHOOK: type: QUERY
POSTHOOK: Input: default@union38_test_table1
#### A masked pattern was here ####
Young	1	Sydney
Jin	2	Mel
Eun	3	Bri
Kim	4	Ad
